// Jest Snapshot v1, https://goo.gl/fbAQLP

exports[`creating test snapshot dog snapshot 1`] = `
<dl>
  <dt>
    Name
  </dt>
  <dd>
    Jeff
  </dd>
  <dt>
    Age
  </dt>
  <dd>
    Super old
  </dd>
  <dt>
    Weight
  </dt>
  <dd>
    actaully not bad shape
  </dd>
</dl>
`;
